DONE	crates/norte-frontend/src/view/diskmap.rs	informe->report
DONE	crates/norte-frontend/src/navigation/goto.rs	texto->content,hostil->hostile_name
DONE	crates/norte-frontend/src/layout/tree.rs	hijos->kids,nuevo->new,nuevos->new_ones
DONE	crates/norte-frontend/src/layout/resolve.rs	derecha->right,der->right_side
DONE	crates/norte-tui/src/keys.rs	acorde->the_chord
DONE	crates/norte-tui/src/subshell.rs	escritura->write
DONE	crates/norte-tui/src/navigate.rs	espejo->the_mirror
DONE	crates/norte-tui/tests/theme_render.rs	fila->row
DONE	crates/norte-tui/tests/places.rs	huecos->slots,sitios->places
DONE	crates/norte-tui/tests/panel_plugin.rs	texto->text
DONE	crates/norte-tui/tests/tree.rs	huecos->slots,sitios->places
DONE	crates/norte-tui/tests/snapshots_ui.rs	nombre->entry_name,texto->content,fila->row,derecha->right_side,izquierda->left_side,izquierdo->left,titulo->title,estrecho->narrow,descripcion->description,entrada->the_entry,estrecha->is_narrow,permanente->permanent
DONE	crates/norte-tui/tests/mouse.rs	cabeza->the_head
DONE	crates/norte-tui/src/ui/panels.rs	nombre->entry_name,fila->the_row,fuente->source,origen->origin,estado->the_state,libre->is_free
DONE	crates/norte-tui/src/ui/modals.rs	cuerpo->dialog_body,lineas->text_lines
DONE	crates/norte-term/src/lib.rs	abajo->down
DONE	crates/norte-ui-host/src/help.rs	texto->text,filas->rows,titulo->title,etiqueta->label
DONE	crates/norte-ui-host/tests/backend_fake/mod.rs	progreso->progress,filas->the_rows,entradas->entries,pasos->steps,nivel->the_level,errores->errors
DONE	crates/norte-ui-host/tests/controller/transfers.rs	filas->the_rows
DONE	crates/norte-ui-host/tests/controller/sync.rs	nombre->name,abierto->open,despues->after,ajustes->settings,llego->arrived,boton->button,llegaron->got,tras->then,abierta->opened,arbol->tree,tecla->key
DONE	crates/norte-ui-host/tests/controller/log.rs	clave->map_key,progreso->progress,detalle->detail,abiertos->open_ones,disposicion->layout
DONE	crates/norte-ui-host/tests/controller/visor.rs	lineas->lines
DONE	crates/norte-ui-host/tests/controller/rename.rs	progreso->progress,columnas->columns,primera->first,primero->first_one,cabecera->header
DONE	crates/norte-ui-host/src/controller/logpanel.rs	lineas->lines,fuente->origin,origen->src,mensaje->message
DONE	crates/norte-ui-host/src/controller/ai.rs	texto->text,hostil->hostile,parejas->pairs
DONE	crates/norte-ui-host/src/controller/panel.rs	hueco->target_slot
DONE	crates/norte-ui-host/src/controller/tasks.rs	texto->text,clave->key,cuerpo->body,fallo_la_task->task_failed
DONE	crates/norte-ui-host/src/controller/settings.rs	nombre->name,resultado->result
DONE	crates/norte-ui-host/src/controller/listing.rs	hueco->target_slot,huecos->slots
DONE	crates/norte-ui-host/src/controller/transfer.rs	cuerpo->body,rutas->path_list
DONE	crates/norte-ui-host/src/controller/selectors.rs	nombre->name,clave->key,hostil->hostile,tema->theme
DONE	crates/norte-ui-host/src/controller/gestures.rs	hueco->target_slot
DONE	crates/norte-ui-host/src/controller/mod.rs	hueco->target_slot,clave->key,columnas->columns,primera->first,primero->first_one,lote->the_batch,tema->theme,efectos->effects,leido->read
DONE	crates/norte-ui-host/src/controller/patches.rs	hueco->target_slot
DONE	crates/norte-ui-host/src/controller/effects.rs	atras->going_back
DONE	crates/norte-ui-host/src/controller/sync.rs	sinc->sync,filas->rows,derecha->right,destino->dest,origen->source,pasos->steps,izquierda->left,izquierdo->left_one,der->right_side,cara->side,ruta->path,der_hostil->right_hostile,destino_encoding->dest_encoding,fallos->failures,filtros->filters,izq->left_side,izq_hostil->left_hostile,lado->the_side,origen_encoding->source_encoding
DONE	crates/norte-ui-host/src/controller/fileops.rs	cuerpo->body
DONE	crates/norte-ui-host/src/controller/extensions.rs	hueco->target_slot,texto->text,cuerpo->body,fila->the_row,lineas->lines,hostil->hostile,escritura->write,comando->command
DONE	crates/norte-ui-host/src/controller/dialogs.rs	texto->text,hostil->hostile,sesion->the_session
DONE	crates/norte-ui-host/src/controller/help.rs	texto->text
DONE	crates/norte-gui-tauri/src/startup.rs	nombre->entry_name,columnas->columns,tema_claro->light_theme,tema_oscuro->dark_theme
