---
source: crates/norte-tui/tests/layout_anchor.rs
expression: "lines.join(\"\\n\")"
---
 Archivo Operar Marcar Ir Paneles       
 S  V  P  D  Á  R                       
┌ Sitios ──────┐┌/casa─────┐┌/casa─────┐
│▾ Unidades    ││Nombre▲   ││Nombre▲   │
│▾ Favoritos   ││   f00    ││   f00    │
│              ││   f01    ││   f01    │
│              ││   f02    ││   f02    │
│              ││   f03    ││   f03    │
└──────────────┘└──────────┘└──────────┘
 /casa  1/60
