---
source: crates/norte-tui/tests/layout_anchor.rs
expression: "lineas.join(\"\\n\")"
---
┌ Sitios ──────┐┌⟨file⟩/casa────┐┌⟨file⟩/casa────┐┌ Vista ─────────────────────┐
│▾ Unidades    ││Nombre▲        ││Nombre▲        ││                            │
│▾ Favoritos   ││   f00         ││   f00         ││                            │
│              ││   f01         ││   f01         ││                            │
│              ││   f02         ││   f02         ││                            │
│              ││   f03         ││   f03         ││                            │
│              ││   f04         ││   f04         │└────────────────────────────┘
│              ││   f05         ││   f05         │┌ Detalles ──────────────────┐
│              ││   f06         ││   f06         ││nada bajo el cursor         │
│              ││   f07         ││   f07         ││                            │
│              ││   f08         ││   f08         ││                            │
│              ││   f09         ││   f09         ││                            │
│              ││   f10         ││   f10         ││                            │
│              ││   f11         ││   f11         ││                            │
└──────────────┘└───────────────┘└───────────────┘└────────────────────────────┘
┌ Procesos ────────────────────────────────────────────────────────────────────┐
│nada en marcha                                                                │
│                                                                              │
│                                                                              │
│                                                                              │
│                                                                              │
│                                                                              │
└──────────────────────────────────────────────────────────────────────────────┘
 ⟨file⟩/casa  1/60
