---
source: crates/norte-tui/tests/places.rs
expression: terminal.backend().to_string()
---
" Archivo  Operar  Marcar  Ir  Paneles  Pestañas  Buscar  Ver  Herramientas  Ayuda    [|] [-] [=] [#]"
" Sitios  Visor  Procesos  Detalles  Árbol  Registro  Mapa  Historial                                "
"┌ Sitios ──────┐┌/casa───────────────────────────────────┐┌/casa───────────────────────────────────┐"
"│▾ Unidades    ││Nombre▲               Tamaño       Fecha││Nombre▲               Tamaño       Fecha│"
"│ /       38G  ││   f00                   1 B            ││   f00                   1 B            │"
"│ /boot  383M  ││   f01                   1 B            ││   f01                   1 B            │"
"│▾ Favoritos   ││   f02                   1 B            ││   f02                   1 B            │"
"│ trabajo      ││                                        ││                                        │"
"│ roto      !  ││                                        ││                                        │"
"│              ││                                        ││                                        │"
"│              ││                                        ││                                        │"
"│              ││                                        ││                                        │"
"│              ││                                        ││                                        │"
"│              ││                                        ││                                        │"
"│              ││                                        ││                                        │"
"│              ││                                        ││                                        │"
"│              ││                                        ││                                        │"
"│              ││                                        ││                                        │"
"│              ││                                        ││                                        │"
"│              ││                                        ││                                        │"
"│              ││                                        ││                                        │"
"│              ││                                        ││                                        │"
"│              ││                                        ││                                        │"
"│              ││                                        ││                                        │"
"│              ││                                        ││                                        │"
"│              ││                                        ││                                        │"
"│              ││                                        ││                                        │"
"│              ││                                        ││                                        │"
"└──────────────┘└────────────────────────────────────────┘└────────────────────────────────────────┘"
" /casa                                                                         1/3  Nombre ↑  UTF-8 "
