---
source: crates/norte-tui/tests/snapshots_ui.rs
expression: "format!(\"{arriba}\\n===\\n{}\", render(&app))"
---
"┌⟨file⟩/casa───────────────────────────┐┌⟨file⟩/otro───────────────────────────┐"
"│ ┌ Ayuda — teclas activas — [esc/q/f1] cerrar   [↑/↓/pgup/pgdn] desplazar ──┐ │"
"│ │                                                                          │ │"
"│ │── Navegación (panes) ──                                                  │ │"
"│ │  up             subir el cursor                                          │ │"
"│ │  down           bajar el cursor                                          │ │"
"│ │  pgup           subir una página                                         │ │"
"│ │  pgdn           bajar una página                                         │ │"
"│ │  home           ir al principio                                          │ │"
"│ │  end            ir al final                                              │ │"
"│ │  enter          entrar en el directorio seleccionado                     │ │"
"│ │  backspace      subir al directorio padre                                │ │"
"│ │  f5             copiar la selección al otro pane                         │ │"
"│ │  f6             mover la selección al otro pane                          │ │"
"└─└──────────────────────────────────────────────────────────────────────────┘─┘"
" ⟨file⟩/casa  2/5                                                               "

===
"┌⟨file⟩/casa───────────────────────────┐┌⟨file⟩/otro───────────────────────────┐"
"│ ┌ Ayuda — teclas activas — [esc/q/f1] cerrar   [↑/↓/pgup/pgdn] desplazar ──┐ │"
"│ │  insert         marcar/desmarcar la entrada bajo el cursor               │ │"
"│ │  ctrl+a         marcar todas las entradas visibles                       │ │"
"│ │  ctrl+A         quitar todas las marcas                                  │ │"
"│ │  *              invertir las marcas                                      │ │"
"│ │  plus           marcar por patrón                                        │ │"
"│ │  -              desmarcar por patrón                                     │ │"
"│ │  q              salir de norte                                           │ │"
"│ │  f10            salir de norte                                           │ │"
"│ │  ctrl+c         salir de norte                                           │ │"
"│ │  tab            cambiar de pane                                          │ │"
"│ │  f1             esta ayuda                                               │ │"
"│ │  f9             elegir tema                                              │ │"
"└─└──────────────────────────────────────────────────────────────────────────┘─┘"
" ⟨file⟩/casa  2/5                                                               "
