---
source: crates/norte-tui/tests/snapshots_ui.rs
expression: text
---
" Archivo  Marcar  Paneles  Pestañas  Buscar  Ver  Ayuda                         "
"┌⟨┌ Ayuda ───────────────────────────────────────────────────────────────────┐─┐"
"│N│  Esto es norte             █ siempre, con las mismas colisiones y el    ║│a│"
"│ │  Dos paneles, un destino   █ mismo undo.                                ║│ │"
"│ │  Pestañas en un panel      █                                            ║│ │"
"│ │  Marcar sobre qué se actúa █ Un destino jamás se adivina. Copiar hacia  ║│ │"
"│ │  Usar el ratón             ║ un panel que no tenías en la cabeza es     ║│ │"
"│ │  Cómo se lee esta ayuda    ║ pérdida de datos silenciosa, y preguntar   ║│ │"
"│ │  Contestar a un diálogo    ║ una vez cuesta menos que descubrirlo       ║│ │"
"│ │  Ajustes y temas           ║ después.                                   ║│ │"
"│ │                            ║                                            ║│ │"
"│ │Operaciones                 ║   F5        copiar la selección al otro pa…║│ │"
"│ │  Copiar, mover, renombrar …║   F6        mover la selección al otro pane█│ │"
"│ │ [Tab] índice ↔ texto [PgDn] bajar [PgUp] subir [/] filtrar …     173/197 │ │"
"└─└──────────────────────────────────────────────────────────────────────────┘─┘"
" ⟨file⟩/casa  2/5                                                               "
