---
source: crates/norte-tui/tests/snapshots_ui.rs
expression: texto
---
"┌⟨file⟩/casa───────────────────────────┐┌⟨file⟩/otro───────────────────────────┐"
"│N┌ Ayuda ───────────────────────────────────────────────────────────────────┐a│"
"│ │Fundamentos                     o saltarse por corazonada.                │ │"
"│ │  Esto es norte                                                           │ │"
"│ │  Dos paneles, un destino     ⚠ Las colisiones por mayúsculas se juzgan   │ │"
"│ │  Marcar sobre qué se actúa     contra el destino, no contra el origen:   │ │"
"│ │  Usar el ratón                 README y readme conviven sin problema en  │ │"
"│ │  Cómo se lee esta ayuda        Linux y caen sobre el mismo fichero en    │ │"
"│ │                                macOS o Windows, y quien decide es el     │ │"
"│ │Operaciones                     destino.                                  │ │"
"│ │  Copiar, mover y borrar                                                  │ │"
"│ │  Encontrar cosas               F5        copiar la selección al otro pane│ │"
"│ │  Qué enseña el listado         F6        mover la selección al otro pane │ │"
"│ │ [/] filtrar [Backspace] atrás [Tab] otro panel …                  90/107 │ │"
"└─└──────────────────────────────────────────────────────────────────────────┘─┘"
" ⟨file⟩/casa  2/5                                                               "
