---
source: crates/norte-tui/tests/snapshots_ui.rs
expression: render(&app)
---
" Archivo Operar Marcar Ir Paneles Pestañas Buscar Ver Herramientas Ayuda        "
" S  V  P  D  Á  R                                                               "
"┌/casa─────────────────────────────────┐┌/otro─────────────────────────────────┐"
"│Nombre▲             Tamaño       Fecha││Nombre▲             Tamaño       Fecha│"
"│  /docs                               ││   cosa                1 B            │"
"│  /src                                ││                                      │"
"│   notas.txt         420 B            ││                                      │"
"│                                      ││                                      │"
"│                                      ││                                      │"
"│                                      ││                                      │"
"│                                      ││                                      │"
"│                                      ││                                      │"
"│                                      ││                                      │"
"│                                      ││                                      │"
"└ /s 3/5 ──────────────────────────────┘└──────────────────────────────────────┘"
" /casa                                                                          "
