---
source: crates/norte-tui/tests/snapshots_ui.rs
assertion_line: 194
expression: render(&app)
---
"┌⟨file⟩/casa───────────────────────────┐┌⟨file⟩/otro───────────────────────────┐"
"│   año.txt                            ││   cosa                               │"
"│   main.rs                            ││                                      │"
"│                                      ││                                      │"
"│                                      ││                                      │"
"│                                      ││                                      │"
"│                                      ││                                      │"
"│                                      ││                                      │"
"│                                      ││                                      │"
"│                                      ││                                      │"
"│                                      ││                                      │"
"│                                      ││                                      │"
"│                                      ││                                      │"
"│                                      ││                                      │"
"└──────────────────────────────────────┘└──────────────────────────────────────┘"
" búsqueda: 2 hits (buscando…)                                                   "
