---
source: crates/norte-tui/tests/snapshots_ui.rs
expression: "format!(\"{arriba}\\n===\\n{}\", render(&app))"
---
" Archivo Operar Marcar Ir Paneles Pestañas Buscar Ver Herramientas Ayuda        "
"  ┌ Ayuda ───────────────────────────────────────────────────────────────────┐  "
"┌/│Fundamentos                 █ Esto es norte                              █│─┐"
"│N│  Esto es norte             █ ────────────────────────────────────────── ║│a│"
"│ │  Dos paneles, un destino   █                                            ║│ │"
"│ │  Pestañas en un panel      █ norte es un gestor de ficheros ortodoxo.   ║│ │"
"│ │  Historia de navegación    ║ Dos paneles, el teclado por delante y los  ║│ │"
"│ │  Marcar sobre qué se actúa ║ mismos comandos tanto si los ficheros      ║│ │"
"│ │  Usar el ratón             ║ están en esta máquina como si viven en un  ║│ │"
"│ │  Cómo se lee esta ayuda    ║ host SSH, en un bucket compatible con S3 o ║│ │"
"│ │  Contestar a un diálogo    ║ dentro de un .zip.                         ║│ │"
"│ │  Ajustes y temas           ║                                            ║│ │"
"│ │  Lo que la pantalla enseña…║ Ahí está toda la idea. Un backend no es un ║│ │"
"│ │ [Tab] índice ↔ texto [PgDn] bajar [PgUp] subir [/] filtrar …         9 % │ │"
"└─└──────────────────────────────────────────────────────────────────────────┘─┘"
" /casa                                                     2/5  Nombre ↑  UTF-8 "

===
" Archivo Operar Marcar Ir Paneles Pestañas Buscar Ver Herramientas Ayuda        "
"  ┌ Ayuda ───────────────────────────────────────────────────────────────────┐  "
"┌/│                            ║                                            █│─┐"
"│N│Remoto y archivos           ║ ── Navegación (panes) ──                   ║│a│"
"│ │  SFTP, FTP y almacenamient…║   Ctrl+e         navegar los dos paneles a ║│ │"
"│ │  Dentro de un archivo comp…║   Up             subir el cursor           ║│ │"
"│ │                            ║   Down           bajar el cursor           ║│ │"
"│ │Agentes y política          ║   PgUp           subir una página          ║│ │"
"│ │  Cuando pregunta un agente ║   PgDn           bajar una página          ║│ │"
"│ │                            █   Home           ir al principio           ║│ │"
"│ │Extensiones                 █   End            ir al final               ║│ │"
"│ │  Extensiones               █   Enter          entrar en el directorio s ║│ │"
"│ │  Teclado                   █   Backspace      subir al directorio padre ║│ │"
"│ │ [Tab] índice ↔ texto [PgDn] bajar [PgUp] subir [/] filtrar …         5 % │ │"
"└─└──────────────────────────────────────────────────────────────────────────┘─┘"
" /casa                                                     2/5  Nombre ↑  UTF-8 "
