---
source: crates/norte-tui/tests/snapshots_ui.rs
expression: render_80x24(&app)
---
" Archivo Operar Marcar Ir Paneles Pestañas Buscar Ver Herramientas Ayuda        "
"                                                                                "
"┌/c┌ Ajustes ───────────────────────────────────────────────────────────────┐──┐"
"│No│Apariencia                                                              │ha│"
"│  │                                                                        │  │"
"│  │> Tipografía de la interfaz                                             │  │"
"│  │                                                                        │  │"
"│  │                                                                        │  │"
"│ !│                                                                        │  │"
"│  │                                                                        │  │"
"│  │                                                                        │  │"
"│  │                                                                        │  │"
"│  │                                                                        │  │"
"│  │                                                                        │  │"
"│  │                                                                        │  │"
"│  │                                                                        │  │"
"│  │                                                                        │  │"
"│  │                                                                        │  │"
"│  │                                                                        │  │"
"│  │                                                                        │  │"
"│  │ Familia tipográfica del chrome de l…, no el listado). El TUI la ignora.│  │"
"│  └ Fira Code_  [enter] guardar · [esc] cancelar ──────────────────────────┘  │"
"└──────────────────────────────────────┘└──────────────────────────────────────┘"
" /casa  2/5                                                                     "
