---
source: crates/norte-tui/tests/snapshots_ui.rs
assertion_line: 146
expression: render(&app)
---
"┌⟨file⟩/casa───────────────────────────┐┌⟨file⟩/otro───────────────────────────┐"
"│  /docs                               ││   cosa                               │"
"│  /src                                ││                                      │"
"│   notas.txt                          ││                                      │"
"│                                      ││                                      │"
"│                                      ││                                      │"
"│                                      ││                                      │"
"│                                      ││                                      │"
"│                                      ││                                      │"
"│                                      ││                                      │"
"│                                      ││                                      │"
"│                                      ││                                      │"
"│                                      ││                                      │"
"│                                      ││                                      │"
"└ /s 3/5 ──────────────────────────────┘└──────────────────────────────────────┘"
" ⟨file⟩/casa                                                                    "
