---
source: crates/norte-tui/tests/snapshots_ui.rs
expression: render_80x24(&app)
---
" Archivo Operar Marcar Ir Paneles Pestañas Buscar Ver Herramientas Ayuda        "
"                                                                                "
"┌/c┌ Ajustes · 1 de 36 ─────────────────────────────────────────────────────┐──┐"
"│No│Apariencia                                                              │ha│"
"│  │Apariencia 1                                                            │  │"
"│  │Paneles …listado 0  > Tipografía de la interfaz                         │  │"
"│  │Abrir con 0                                                             │  │"
"│  │Teclado y ratón 0                                                       │  │"
"│ !│Comportamiento 0                                                        │  │"
"│  │Plugins 0                                                               │  │"
"│  │                                                                        │  │"
"│  │                                                                        │  │"
"│  │                                                                        │  │"
"│  │                                                                        │  │"
"│  │                                                                        │  │"
"│  │                                                                        │  │"
"│  │                                                                        │  │"
"│  │                                                                        │  │"
"│  │                                                                        │  │"
"│  │                                                                        │  │"
"│  │ Familia tipográfica del c…stado). El TUI la ignora.                    │  │"
"│  └ Fira Code_  [enter] guardar · [esc] cancelar ──────────────────────────┘  │"
"└──────────────────────────────────────┘└──────────────────────────────────────┘"
" /casa                                                     2/5  Nombre ↑  UTF-8 "
