---
source: crates/norte-tui/tests/snapshots_ui.rs
expression: render_80x24(&app)
---
" Archivo Operar Marcar Ir Paneles Pestañas Buscar Ver Herramientas Ayuda        "
"                                                                                "
"┌/c┌ Ajustes · 34 de 34 ────────────────────────────────────────────────────┐──┐"
"│No│Apariencia                                                              │ha│"
"│  │Apariencia 9                                                            │  │"
"│  │Paneles …istado 11  > Tema                         default              │  │"
"│  │Abrir con 4           Tipografía de la interfaz                         │  │"
"│  │Teclado y ratón 4     Tipografía monoespaciada                          │  │"
"│ !│Comportamiento 5      Tamaño de letra                                   │  │"
"│  │Plugin┌A la papelera─────────────────────────────────────────────┐      │  │"
"│  │      │notas.txt                                                 │      │  │"
"│  │      │recuperable desde la papelera del sistema                 │      │  │"
"│  │      │[Enter] confirmar [y] aprobar [n] denegar [Esc] cancelar  │      │  │"
"│  │      │                                                          │      │  │"
"│  │      └──────────────────────────────────────────────────────────┘      │  │"
"│  │                      Barra de menú                true                 │  │"
"│  │                      Barra de paneles             true                 │  │"
"│  │                      Fila para subir              true                 │  │"
"│  │                      Ver ocultos al arrancar      false                │  │"
"│  │                      Barra de teclas              true                 │  │"
"│  │ Preset de color de la int…e tema propio, ADR 0020).                    │  │"
"│  └ /  [[/]] sección · [enter] editar · [ctrl+r] restablecer · [esc] cerrar┘  │"
"└──────────────────────────────────────┘└──────────────────────────────────────┘"
" /casa  2/5                                                                     "
