---
source: crates/norte-tui/tests/snapshots_ui.rs
expression: render_80x24(&app)
---
" Archivo Operar Marcar Ir Paneles Pestañas Buscar Ver Herramientas Ayuda        "
"                                                                                "
"┌/c┌ Extensiones ───────────────────────────────────────────────────────────┐──┐"
"│No│decorator                    │File icons                                │ha│"
"│  │> File icons v0.1.0 ✓        │v0.1.0 · norte · decorator                │  │"
"│  │                             │✓ aprobada · encendida                    │  │"
"│  │                             │                                          │  │"
"│  │                             │An icon on each row.                      │  │"
"│ !│                             │1 comandos · Ayuda                        │  │"
"│  │                             │                                          │  │"
"│  │                             │Sus ajustes                               │  │"
"│  │                             │> style: ascii                            │  │"
"│  │                             │   Glyph set                              │  │"
"│  │                             │                                          │  │"
"│  │                             │Comandos                                  │  │"
"│  │                             │  · Reload the table                      │  │"
"│  │                             │                                          │  │"
"│  │                             │                                          │  │"
"│  │                             │                                          │  │"
"│  │                             │                                          │  │"
"│  │                             │                                          │  │"
"│  └ [Enter] confirmar [Esc] cancelar ──────────────────────────────────────┘  │"
"└──────────────────────────────────────┘└──────────────────────────────────────┘"
" /casa  2/5                                                                     "
