---
source: crates/norte-tui/tests/snapshots_ui.rs
assertion_line: 594
expression: render_80x24(&app)
---
"┌⟨file⟩/casa───────────────────────────┐┌⟨file⟩/otro───────────────────────────┐"
"│ /docs                                ││  cosa                                │"
"│ /┌ Ajustes ───────────────────────────────────────────────────────────────┐  │"
"│ @│General                                                                 │  │"
"│  │> Tema                         default                                  │  │"
"│! │  Idioma                       auto                                     │  │"
"│  │  Tipografía de la interfaz                                             │  │"
"│  │  Tipografía monoespaciada                                              │  │"
"│  │  Tamaño de letra                                                       │  │"
"│  │  Modo┌A la papelera─────────────────────────────────────────────┐      │  │"
"│  │  Redu│⟨file⟩/casa/notas.txt                                     │      │  │"
"│  │  Conf│recuperable desde la papelera del sistema                 │      │  │"
"│  │  Pres│[enter] confirmar [y] aprobar [n] denegar [esc] cancelar  │      │  │"
"│  │Plugin│                                                          │      │  │"
"│  │  Ajus└──────────────────────────────────────────────────────────┘      │  │"
"│  │                                                                        │  │"
"│  │                                                                        │  │"
"│  │                                                                        │  │"
"│  │                                                                        │  │"
"│  │                                                                        │  │"
"│  │ Preset de color de la interfaz (o u… fichero de tema propio, ADR 0020).│  │"
"│  └ /  [↑/↓/pgup/pgdn] navegar · [enter] editar · [esc] cerrar ────────────┘  │"
"└──────────────────────────────────────┘└──────────────────────────────────────┘"
" ⟨file⟩/casa  2/5                                                               "
