---
source: crates/norte-tui/tests/snapshots_ui.rs
expression: render(&app)
---
" Arc┌ Ir a ────────────────────────────────────────────────────────────────┐    "
"   ┌│  salir de norte  app.quit                                            │───┐"
"   ││  cambiar de pane  pane.switch                                        │cha│"
"   ││  abrir pestaña  pane.tab-new                                         │   │"
"   ││  cerrar pestaña  pane.tab-close                                      │   │"
"   ││  pes┌A la papelera─────────────────────────────────────────────┐     │   │"
"   ││  pes│notas.txt                                                 │     │   │"
"   ││  mov│recuperable desde la papelera del sistema                 │     │   │"
"   ││  mov│[Enter] confirmar [Esc] cancelar                          │     │   │"
"   ││  ir │                                                          │     │   │"
"   ││  ir └──────────────────────────────────────────────────────────┘     │   │"
"   ││  ir a la pestaña 3  pane.tab-goto-3                                  │   │"
"   ││  ir a la pestaña 4  pane.tab-goto-4                                  │   │"
"   ││  ir a la pestaña 5  pane.tab-goto-5                                  │   │"
"   └│  ir a la pestaña 6  pane.tab-goto-6                                  │───┘"
"    └ ❯>_ ─────────────────────────────────────────────────────────────────┘F-8 "
