---
source: crates/norte-tui/tests/snapshots_ui.rs
expression: "format!(\"{arriba}\\n===\\n{}\", render(&app))"
---
" Archivo Operar Marcar Ir Paneles Pestañas Buscar Ver Herramientas Ayuda        "
"  ┌ Ayuda ───────────────────────────────────────────────────────────────────┐  "
"┌/│Fundamentos                 █ Esto es norte                              █│─┐"
"│N│  Esto es norte             █ ───────────────────────────────────────────║│a│"
"│ │  Dos paneles, un destino   █                                            ║│ │"
"│ │  Pestañas en un panel      █ norte es un gestor de ficheros ortodoxo.   ║│ │"
"│ │  Historia de navegación    ║ Dos paneles, el teclado por delante y los  ║│ │"
"│ │  Marcar sobre qué se actúa ║ mismos comandos tanto si los ficheros están║│ │"
"│ │  Usar el ratón             ║ en esta máquina como si viven en un host   ║│ │"
"│ │  Cómo se lee esta ayuda    ║ SSH, en un bucket compatible con S3 o      ║│ │"
"│ │  Contestar a un diálogo    ║ dentro de un .zip.                         ║│ │"
"│ │  Ajustes y temas           ║                                            ║│ │"
"│ │  Lo que la pantalla enseña…║ Ahí está toda la idea. Un backend no es un ║│ │"
"│ │ [Tab] índice ↔ texto [PgDn] bajar [PgUp] subir [/] filtrar …        1/96 │ │"
"└─└──────────────────────────────────────────────────────────────────────────┘─┘"
" /casa  2/5                                                                     "

===
" Archivo Operar Marcar Ir Paneles Pestañas Buscar Ver Herramientas Ayuda        "
"  ┌ Ayuda ───────────────────────────────────────────────────────────────────┐  "
"┌/│                            ║                                            █│─┐"
"│N│Remoto y archivos           ║ ── Navegación (panes) ──                   ║│a│"
"│ │  SFTP, FTP y almacenamient…║   Up             subir el cursor           ║│ │"
"│ │  Dentro de un archivo comp…║   Down           bajar el cursor           ║│ │"
"│ │                            ║   PgUp           subir una página          ║│ │"
"│ │Agentes y política          ║   PgDn           bajar una página          ║│ │"
"│ │  Cuando pregunta un agente ║   Home           ir al principio           ║│ │"
"│ │                            █   End            ir al final               ║│ │"
"│ │Extensiones                 █   Enter          entrar en el directorio se║│ │"
"│ │  Extensiones               █   Backspace      subir al directorio padre ║│ │"
"│ │  Teclado                   █   Alt+Left       volver al directorio anter║│ │"
"│ │ [Tab] índice ↔ texto [PgDn] bajar [PgUp] subir [/] filtrar …       1/188 │ │"
"└─└──────────────────────────────────────────────────────────────────────────┘─┘"
" /casa  2/5                                                                     "
