---
source: crates/norte-tui/tests/snapshots_ui.rs
expression: "format!(\"{arriba}\\n===\\n{}\", render(&app))"
---
"┌⟨file⟩/casa───────────────────────────┐┌⟨file⟩/otro───────────────────────────┐"
"│N┌ Ayuda ───────────────────────────────────────────────────────────────────┐a│"
"│ │Fundamentos                   Esto es norte                               │ │"
"│ │  Esto es norte               ────────────────────────────────────────────│ │"
"│ │  Dos paneles, un destino                                                 │ │"
"│ │  Marcar sobre qué se actúa   norte es un gestor de ficheros ortodoxo. Dos│ │"
"│ │  Usar el ratón               paneles, el teclado por delante y los mismos│ │"
"│ │  Cómo se lee esta ayuda      comandos tanto si los ficheros están en esta│ │"
"│ │                              máquina como si viven en un host SSH, en un │ │"
"│ │Operaciones                   bucket compatible con S3 o dentro de un     │ │"
"│ │  Copiar, mover y borrar      .zip.                                       │ │"
"│ │                                                                          │ │"
"│ │Remoto y archivos             Ahí está toda la idea. Un backend no es un  │ │"
"│ │ [/] filtrar [Backspace] atrás [Tab] otro panel [Enter] confirmar …  1/50 │ │"
"└─└──────────────────────────────────────────────────────────────────────────┘─┘"
" ⟨file⟩/casa  2/5                                                               "

===
"┌⟨file⟩/casa───────────────────────────┐┌⟨file⟩/otro───────────────────────────┐"
"│N┌ Ayuda ───────────────────────────────────────────────────────────────────┐a│"
"│ │  Marcar sobre qué se actúa                                               │ │"
"│ │  Usar el ratón               ── Navegación (panes) ──                    │ │"
"│ │  Cómo se lee esta ayuda        Up             subir el cursor            │ │"
"│ │                                Down           bajar el cursor            │ │"
"│ │Operaciones                     PgUp           subir una página           │ │"
"│ │  Copiar, mover y borrar        PgDn           bajar una página           │ │"
"│ │                                Home           ir al principio            │ │"
"│ │Remoto y archivos               End            ir al final                │ │"
"│ │  SFTP, FTP y almacenamient…    Enter          entrar en el directorio sel│ │"
"│ │  Dentro de un archivo comp…    Backspace      subir al directorio padre  │ │"
"│ │  Teclado                       Alt+Left       volver al directorio anteri│ │"
"│ │ [/] filtrar [Backspace] atrás [Tab] otro panel [Enter] confirmar … 1/107 │ │"
"└─└──────────────────────────────────────────────────────────────────────────┘─┘"
" ⟨file⟩/casa  2/5                                                               "
