---
source: crates/norte-tui/tests/snapshots_ui.rs
expression: render_80x24(&app)
---
" Archivo Operar Marcar Ir Paneles Pestañas Buscar Ver Herramientas Ayuda        "
"                                                                                "
"┌/c┌ Ajustes ───────────────────────────────────────────────────────────────┐──┐"
"│No│Apariencia                                                              │ha│"
"│  │                                                                        │  │"
"│  │> Tema                         default                                  │  │"
"│  │  Tipografía de la interfaz                                             │  │"
"│  │  Tipografía monoespaciada                                              │  │"
"│ !│  Tamaño de letra                                                       │  │"
"│  │  Reducir movimiento           false                                    │  │"
"│  │  Filas a rayas                false                                    │  │"
"│  │  Imágenes en el visor         auto                                     │  │"
"│  │  Tema con el escritorio claro                                          │  │"
"│  │  Tema con el escritorio oscuro                                         │  │"
"│  │Paneles y listado                                                       │  │"
"│  │  Barra de menú                true                                     │  │"
"│  │  Barra de paneles             true                                     │  │"
"│  │  Fila para subir              true                                     │  │"
"│  │  Ver ocultos al arrancar      false                                    │  │"
"│  │  Barra de teclas              true                                     │  │"
"│  │ Preset de color de la interfaz (o u… fichero de tema propio, ADR 0020).│  │"
"│  └ /  34 de 34  [↑/↓/pgup/pgdn] navegar · [enter] editar · [esc] cerrar ──┘  │"
"└──────────────────────────────────────┘└──────────────────────────────────────┘"
" /casa  2/5                                                                     "
