---
source: crates/norte-tui/tests/snapshots_ui.rs
expression: text.clone()
---
" Archivo  Marcar  Paneles  Pestañas  Buscar  Ver  Ayuda                         "
"                                                                                "
"┌⟨f┌ Extensiones ───────────────────────────────────────────────────────────┐──┐"
"│No│previewer                                                               │ha│"
"│  │> Demo v1.0.0 [fs-read] ✓ ⚠ sin aprobar                                 │  │"
"│  │                                                                        │  │"
"│  │                                                                        │  │"
"│  │                                                                        │  │"
"│ !│                                                                        │  │"
"│  │                                                                        │  │"
"│  │                                                                        │  │"
"│  │                                                                        │  │"
"│  │                                                                        │  │"
"│  │                                                                        │  │"
"│  │                                                                        │  │"
"│  │                                                                        │  │"
"│  │                                                                        │  │"
"│  │                                                                        │  │"
"│  │                                                                        │  │"
"│  │                                                                        │  │"
"│  │                                                                        │  │"
"│  └ [Enter] confirmar [y] aprobar [Esc] cancelar [e] activar ──────────────┘  │"
"└──────────────────────────────────────┘└──────────────────────────────────────┘"
" ⟨file⟩/casa  2/5                                                               "
