---
source: crates/norte-tui/tests/snapshots_ui.rs
expression: "format!(\"{text}\\n===\\n{hex}\")"
---
" Archivo Operar Marcar Ir Paneles Pestañas Buscar Ver Herramientas Ayuda        "
"                                                                                "
"┌/casa/notas.txt───────────────────────────────────────────────────────────────┐"
"│año 2026                                                                      │"
"│segunda línea                                                                 │"
"│                                                                              │"
"│                                                                              │"
"│                                                                              │"
"│                                                                              │"
"│                                                                              │"
"│                                                                              │"
"│                                                                              │"
"│                                                                              │"
"│                                                                              │"
"└──────────────────────────────────────────────────────────────────────────────┘"
" windows-1252  LF  1/2                                                          "

===
" Archivo Operar Marcar Ir Paneles Pestañas Buscar Ver Herramientas Ayuda        "
"                                                                                "
"┌/casa/logo.png────────────────────────────────────────────────────────────────┐"
"│00000000  89 50 4e 47 0d 0a 1a 0a  00 00 00 0d 49 48 44 52   .PNG........IHDR │"
"│                                                                              │"
"│                                                                              │"
"│                                                                              │"
"│                                                                              │"
"│                                                                              │"
"│                                                                              │"
"│                                                                              │"
"│                                                                              │"
"│                                                                              │"
"│                                                                              │"
"└──────────────────────────────────────────────────────────────────────────────┘"
" binario  1/1                                                                   "
