---
source: crates/norte-tui/tests/snapshots_ui.rs
expression: render_80x24(&app)
---
" Archivo  Marcar  Paneles  Pestañas  Buscar  Ver  Ayuda                         "
" S  V  P  D  Á  R                                                               "
"┌ sincronizar (actualizar) — ⟨file⟩/casa → ⟨file⟩/otro ────────────────────────┐"
"│todo esto se puede deshacer después, salvo lo que cambie entretanto           │"
"│2 a copiar · 1 a sobrescribir · 1 directorios a crear · 0 a borrar · 0 sin    │"
"│tocar                                                                         │"
"│6.0 KiB a escribir, más 1 ficheros cuyo tamaño el provider no dio             │"
"│                                                                              │"
"│D ! < sub                                                                     │"
"│+ ! < sub/c.txt 2.0 KiB                                                       │"
"│# ! < a.txt 4.0 KiB                                                           │"
"│+ ! < nuevo.txt                                                               │"
"│                                                                              │"
"│                                                                              │"
"│                                                                              │"
"│                                                                              │"
"│                                                                              │"
"│                                                                              │"
"│                                                                              │"
"│                                                                              │"
"│                                                                              │"
"│↑↓ mover · a aprobar · Esc cerrar                                             │"
"└ 4 pasos · pulsa a para aprobar ──────────────────────────────────────────────┘"
" ⟨file⟩/casa  2/5                                                               "
