---
source: crates/norte-tui/tests/snapshots_ui.rs
expression: texto
---
"┌⟨file⟩/casa───────────────────────────┐┌⟨file⟩/otro───────────────────────────┐"
"│N┌ Ayuda ───────────────────────────────────────────────────────────────────┐a│"
"│ │Fundamentos               se detiene y vuelve a preguntar, en vez de      │ │"
"│ │  Esto es norte           reemplazarse o saltarse por corazonada.         │ │"
"│ │  Dos panel… un destino                                                   │ │"
"│ │  Marcar so…ué se actúa ⚠ Las colisiones por mayúsculas se juzgan contra  │ │"
"│ │  Usar el ratón           el destino, no contra el origen: README y readme│ │"
"│ │  Cómo se l… esta ayuda   conviven sin problema en Linux y caen sobre el  │ │"
"│ │Operaciones               mismo fichero en macOS o Windows, y quien decide│ │"
"│ │  Copiar, m…er y borrar   es el destino.                                  │ │"
"│ │Remoto y archivos                                                         │ │"
"│ │  SFTP, FTP… de objetos   f5        copiar la selección al otro pane      │ │"
"│ │  Dentro de… comprimido   f6        mover la selección al otro pane       │ │"
"│ │Teclado                  [enter] confirmar [esc]…kspace] atrás [/] filtrar│ │"
"└─└──────────────────────────────────────────────────────────────────────────┘─┘"
" ⟨file⟩/casa  2/5                                                               "
