---
source: crates/norte-tui/tests/snapshots_ui.rs
expression: render(&app)
---
" Arc┌ Paleta de comandos ──────────────────────────────────────────────────┐    "
"   ┌│   Aplicación: salir de norte  app.quit                             q │───┐"
"   ││   Panel: cambiar de pane  pane.switch                            Tab │cha│"
"   ││   Panel: abrir pestaña  pane.tab-new                          Ctrl+t │   │"
"   ││   Panel: cerrar pestaña  pane.tab-close                       Ctrl+w │   │"
"   ││   Pa┌A la papelera─────────────────────────────────────────────┐lt+n │   │"
"   ││   Pa│notas.txt                                                 │lt+p │   │"
"   ││   Pa│recuperable desde la papelera del sistema                 │     │   │"
"   ││   Pa│[Enter] confirmar [Esc] cancelar                          │     │   │"
"   ││   Pa│                                                          │     │   │"
"   ││   Pa└──────────────────────────────────────────────────────────┘     │   │"
"   ││   Panel: ir a la pestaña 3  pane.tab-goto-3                          │   │"
"   ││   Panel: ir a la pestaña 4  pane.tab-goto-4                          │   │"
"   ││   Panel: ir a la pestaña 5  pane.tab-goto-5                          │   │"
"   └│   Panel: ir a la pestaña 6  pane.tab-goto-6                          │───┘"
"    └ ❯>_  [enter] ejecutar · [esc] cerrar · [f1] ayuda ───────────────────┘F-8 "
