---
source: crates/norte-tui/tests/snapshots_ui.rs
expression: render(&app)
---
" Archivo Operar Marcar Ir Paneles Pestañas Buscar Ver Herramientas Ayuda        "
"   ┌/casa───────────────────────────────┐┌/otro────────────────────────────────┐"
"   │Nombre▲           Tamaño       Fecha││Nombre▲            Tamaño       Fecha│"
"   │  /docs                             ││   cosa               1 B            │"
"   │  /src                              ││                                     │"
"   │  @enlace                           ││                                     │"
"   │┌ Paleta de comandos ──────────────────────────────────────────────────┐   │"
"   ││   Cursor: ir al principio  cursor.top                           Home │   │"
"   ││   Visor: ir al principio  viewer.top                            Home │   │"
"   │└ ❯>principio_  [enter] ejecutar · [esc] cerrar · [f1] ayuda ──────────┘   │"
"   │                                    ││                                     │"
"   │                                    ││                                     │"
"   │                                    ││                                     │"
"   │                                    ││                                     │"
"   └────────────────────────────────────┘└─────────────────────────────────────┘"
"    /casa                                                  2/5  Nombre ↑  UTF-8 "
